// Vitest Snapshot v1, https://vitest.dev/guide/snapshot.html

exports[`ingest > matches the artifact snapshot (paths redacted) 1`] = `
{
  "notes": [],
  "organizations": [],
  "repos": [
    {
      "archives": [
        {
          "bytes": 1669,
          "commit": "7868a765f34e61c519fa3bc3e413085a93786576",
          "file": "archives/alpha/main.zip",
          "kind": "branch",
          "ref": "main",
        },
        {
          "bytes": 1709,
          "commit": "7868a765f34e61c519fa3bc3e413085a93786576",
          "file": "archives/alpha/v0.1.0.zip",
          "kind": "tag",
          "ref": "v0.1.0",
        },
      ],
      "branches": [
        {
          "commits": [
            "ee9c09a88cb1b5ca9b4aad4068434bf1ebd9a89a",
            "7868a765f34e61c519fa3bc3e413085a93786576",
            "6e2eccfb2a5dd67dc185f09773e9c546c5ad38e4",
          ],
          "head": "ee9c09a88cb1b5ca9b4aad4068434bf1ebd9a89a",
          "lastCommitDate": "2024-01-01T00:02:00Z",
          "name": "dev",
        },
        {
          "commits": [
            "7868a765f34e61c519fa3bc3e413085a93786576",
            "6e2eccfb2a5dd67dc185f09773e9c546c5ad38e4",
          ],
          "head": "7868a765f34e61c519fa3bc3e413085a93786576",
          "lastCommitDate": "2024-01-01T00:01:00Z",
          "name": "main",
        },
      ],
      "commitCount": 3,
      "commits": {
        "6e2eccfb2a5dd67dc185f09773e9c546c5ad38e4": {
          "author": {
            "email": "test@example.com",
            "name": "Test User",
          },
          "authorDate": "2024-01-01T00:00:00Z",
          "body": "",
          "commitDate": "2024-01-01T00:00:00Z",
          "committer": {
            "email": "test@example.com",
            "name": "Test User",
          },
          "files": [
            {
              "additions": 1,
              "deletions": 0,
              "path": ".frznforge.json",
            },
            {
              "additions": 3,
              "deletions": 0,
              "path": "LICENSE",
            },
            {
              "additions": 3,
              "deletions": 0,
              "path": "README.md",
            },
            {
              "additions": null,
              "deletions": null,
              "path": "assets/pixel.bin",
            },
            {
              "additions": 1,
              "deletions": 0,
              "path": "src/index.ts",
            },
            {
              "additions": 1,
              "deletions": 0,
              "path": "src/util/math.ts",
            },
          ],
          "parents": [],
          "sha": "6e2eccfb2a5dd67dc185f09773e9c546c5ad38e4",
          "stats": {
            "additions": 9,
            "deletions": 0,
            "filesChanged": 6,
          },
          "subject": "initial commit",
        },
        "7868a765f34e61c519fa3bc3e413085a93786576": {
          "author": {
            "email": "other@example.com",
            "name": "Other Dev",
          },
          "authorDate": "2024-01-01T00:01:00Z",
          "body": "Longer explanation.",
          "commitDate": "2024-01-01T00:01:00Z",
          "committer": {
            "email": "test@example.com",
            "name": "Test User",
          },
          "files": [
            {
              "additions": 1,
              "deletions": 1,
              "path": "src/index.ts",
            },
          ],
          "parents": [
            "6e2eccfb2a5dd67dc185f09773e9c546c5ad38e4",
          ],
          "sha": "7868a765f34e61c519fa3bc3e413085a93786576",
          "stats": {
            "additions": 1,
            "deletions": 1,
            "filesChanged": 1,
          },
          "subject": "flip alpha",
        },
        "ee9c09a88cb1b5ca9b4aad4068434bf1ebd9a89a": {
          "author": {
            "email": "test@example.com",
            "name": "Test User",
          },
          "authorDate": "2024-01-01T00:02:00Z",
          "body": "",
          "commitDate": "2024-01-01T00:02:00Z",
          "committer": {
            "email": "test@example.com",
            "name": "Test User",
          },
          "files": [
            {
              "additions": 1,
              "deletions": 0,
              "path": "src/dev.ts",
            },
          ],
          "parents": [
            "7868a765f34e61c519fa3bc3e413085a93786576",
          ],
          "sha": "ee9c09a88cb1b5ca9b4aad4068434bf1ebd9a89a",
          "stats": {
            "additions": 1,
            "deletions": 0,
            "filesChanged": 1,
          },
          "subject": "dev work",
        },
      },
      "contributors": [
        {
          "commits": 2,
          "email": "test@example.com",
          "firstCommit": "2024-01-01T00:00:00Z",
          "lastCommit": "2024-01-01T00:02:00Z",
          "name": "Test User",
        },
        {
          "commits": 1,
          "email": "other@example.com",
          "firstCommit": "2024-01-01T00:01:00Z",
          "lastCommit": "2024-01-01T00:01:00Z",
          "name": "Other Dev",
        },
      ],
      "createdAt": "2024-01-01T00:00:00Z",
      "defaultBranch": "main",
      "description": "Alpha repo",
      "empty": false,
      "files": {
        ".frznforge.json": {
          "binary": false,
          "language": "JSON",
          "path": ".frznforge.json",
          "sha": "db35cf0ef7b6732b90a217c40772a3a6a06d036f",
          "size": 89,
          "stored": true,
          "tooLarge": false,
        },
        "LICENSE": {
          "binary": false,
          "language": "Text",
          "path": "LICENSE",
          "sha": "ad060d9897e883d340b4311e5aad17a385b4bc86",
          "size": 90,
          "stored": true,
          "tooLarge": false,
        },
        "README.md": {
          "binary": false,
          "language": "Markdown",
          "path": "README.md",
          "sha": "a6545ebfaa6e200b67e20fe9ea6b5316cd93c86b",
          "size": 16,
          "stored": true,
          "tooLarge": false,
        },
        "assets/pixel.bin": {
          "binary": true,
          "language": null,
          "path": "assets/pixel.bin",
          "sha": "eaf36c1daccfdf325514461cd1a2ffbc139b5464",
          "size": 4,
          "stored": true,
          "tooLarge": false,
        },
        "src/index.ts": {
          "binary": false,
          "language": "TypeScript",
          "path": "src/index.ts",
          "sha": "78a8b37c9c4aac833bb2928855449a3345528df1",
          "size": 28,
          "stored": true,
          "tooLarge": false,
        },
        "src/util/math.ts": {
          "binary": false,
          "language": "TypeScript",
          "path": "src/util/math.ts",
          "sha": "bc81dd56decaa490837a80775292f47984219eaf",
          "size": 52,
          "stored": true,
          "tooLarge": false,
        },
      },
      "gitTags": [
        {
          "annotated": true,
          "date": "2024-01-01T00:01:30Z",
          "message": "First release",
          "name": "v0.1.0",
          "tagger": {
            "email": "test@example.com",
            "name": "Test User",
          },
          "target": "7868a765f34e61c519fa3bc3e413085a93786576",
        },
      ],
      "insights": {
        "approximate": false,
        "codeSize": [
          {
            "bytes": 275,
            "lines": 9,
            "month": "2024-01",
          },
        ],
        "commits": [
          {
            "commits": 2,
            "contributors": 2,
            "month": "2024-01",
          },
        ],
        "sampleCount": 1,
        "sampled": false,
      },
      "languages": [
        {
          "bytes": 80,
          "color": "#3178c6",
          "name": "TypeScript",
          "percent": 100,
        },
      ],
      "license": {
        "file": "LICENSE",
        "source": "file",
        "spdx": "MIT",
      },
      "links": {
        "homepage": "https://alpha.example",
      },
      "name": "alpha",
      "readme": {
        "content": "# Alpha

Hello.
",
        "path": "README.md",
        "sha": "a6545ebfaa6e200b67e20fe9ea6b5316cd93c86b",
      },
      "refTrees": {
        "dev": {
          "commit": "ee9c09a88cb1b5ca9b4aad4068434bf1ebd9a89a",
          "files": {
            ".frznforge.json": {
              "binary": false,
              "language": "JSON",
              "path": ".frznforge.json",
              "sha": "db35cf0ef7b6732b90a217c40772a3a6a06d036f",
              "size": 89,
              "stored": true,
              "tooLarge": false,
            },
            "LICENSE": {
              "binary": false,
              "language": "Text",
              "path": "LICENSE",
              "sha": "ad060d9897e883d340b4311e5aad17a385b4bc86",
              "size": 90,
              "stored": true,
              "tooLarge": false,
            },
            "README.md": {
              "binary": false,
              "language": "Markdown",
              "path": "README.md",
              "sha": "a6545ebfaa6e200b67e20fe9ea6b5316cd93c86b",
              "size": 16,
              "stored": true,
              "tooLarge": false,
            },
            "assets/pixel.bin": {
              "binary": true,
              "language": null,
              "path": "assets/pixel.bin",
              "sha": "eaf36c1daccfdf325514461cd1a2ffbc139b5464",
              "size": 4,
              "stored": true,
              "tooLarge": false,
            },
            "src/dev.ts": {
              "binary": false,
              "language": "TypeScript",
              "path": "src/dev.ts",
              "sha": "cb0ff5c3b541f646105198ee23ac0fc3d805023e",
              "size": 11,
              "stored": true,
              "tooLarge": false,
            },
            "src/index.ts": {
              "binary": false,
              "language": "TypeScript",
              "path": "src/index.ts",
              "sha": "78a8b37c9c4aac833bb2928855449a3345528df1",
              "size": 28,
              "stored": true,
              "tooLarge": false,
            },
            "src/util/math.ts": {
              "binary": false,
              "language": "TypeScript",
              "path": "src/util/math.ts",
              "sha": "bc81dd56decaa490837a80775292f47984219eaf",
              "size": 52,
              "stored": true,
              "tooLarge": false,
            },
          },
          "kind": "branch",
          "name": "dev",
          "tree": [
            {
              "lastCommit": "6e2eccfb2a5dd67dc185f09773e9c546c5ad38e4",
              "mode": "100644",
              "name": ".frznforge.json",
              "path": ".frznforge.json",
              "sha": "db35cf0ef7b6732b90a217c40772a3a6a06d036f",
              "size": 89,
              "type": "blob",
            },
            {
              "lastCommit": "6e2eccfb2a5dd67dc185f09773e9c546c5ad38e4",
              "mode": "100644",
              "name": "LICENSE",
              "path": "LICENSE",
              "sha": "ad060d9897e883d340b4311e5aad17a385b4bc86",
              "size": 90,
              "type": "blob",
            },
            {
              "lastCommit": "6e2eccfb2a5dd67dc185f09773e9c546c5ad38e4",
              "mode": "100644",
              "name": "README.md",
              "path": "README.md",
              "sha": "a6545ebfaa6e200b67e20fe9ea6b5316cd93c86b",
              "size": 16,
              "type": "blob",
            },
            {
              "lastCommit": "6e2eccfb2a5dd67dc185f09773e9c546c5ad38e4",
              "mode": "040000",
              "name": "assets",
              "path": "assets",
              "sha": "a38afe2925100c0e3a334eac5f5eb929c29a752c",
              "size": null,
              "type": "tree",
            },
            {
              "lastCommit": "6e2eccfb2a5dd67dc185f09773e9c546c5ad38e4",
              "mode": "100644",
              "name": "pixel.bin",
              "path": "assets/pixel.bin",
              "sha": "eaf36c1daccfdf325514461cd1a2ffbc139b5464",
              "size": 4,
              "type": "blob",
            },
            {
              "lastCommit": "ee9c09a88cb1b5ca9b4aad4068434bf1ebd9a89a",
              "mode": "040000",
              "name": "src",
              "path": "src",
              "sha": "d3c97941e1bde6ae6485f4762b23d8a3dd759ad4",
              "size": null,
              "type": "tree",
            },
            {
              "lastCommit": "ee9c09a88cb1b5ca9b4aad4068434bf1ebd9a89a",
              "mode": "100644",
              "name": "dev.ts",
              "path": "src/dev.ts",
              "sha": "cb0ff5c3b541f646105198ee23ac0fc3d805023e",
              "size": 11,
              "type": "blob",
            },
            {
              "lastCommit": "7868a765f34e61c519fa3bc3e413085a93786576",
              "mode": "100644",
              "name": "index.ts",
              "path": "src/index.ts",
              "sha": "78a8b37c9c4aac833bb2928855449a3345528df1",
              "size": 28,
              "type": "blob",
            },
            {
              "lastCommit": "6e2eccfb2a5dd67dc185f09773e9c546c5ad38e4",
              "mode": "040000",
              "name": "util",
              "path": "src/util",
              "sha": "5a35957392aae27795d99e135560561fa9407afc",
              "size": null,
              "type": "tree",
            },
            {
              "lastCommit": "6e2eccfb2a5dd67dc185f09773e9c546c5ad38e4",
              "mode": "100644",
              "name": "math.ts",
              "path": "src/util/math.ts",
              "sha": "bc81dd56decaa490837a80775292f47984219eaf",
              "size": 52,
              "type": "blob",
            },
          ],
        },
        "v0.1.0": {
          "commit": "7868a765f34e61c519fa3bc3e413085a93786576",
          "files": {
            ".frznforge.json": {
              "binary": false,
              "language": "JSON",
              "path": ".frznforge.json",
              "sha": "db35cf0ef7b6732b90a217c40772a3a6a06d036f",
              "size": 89,
              "stored": true,
              "tooLarge": false,
            },
            "LICENSE": {
              "binary": false,
              "language": "Text",
              "path": "LICENSE",
              "sha": "ad060d9897e883d340b4311e5aad17a385b4bc86",
              "size": 90,
              "stored": true,
              "tooLarge": false,
            },
            "README.md": {
              "binary": false,
              "language": "Markdown",
              "path": "README.md",
              "sha": "a6545ebfaa6e200b67e20fe9ea6b5316cd93c86b",
              "size": 16,
              "stored": true,
              "tooLarge": false,
            },
            "assets/pixel.bin": {
              "binary": true,
              "language": null,
              "path": "assets/pixel.bin",
              "sha": "eaf36c1daccfdf325514461cd1a2ffbc139b5464",
              "size": 4,
              "stored": true,
              "tooLarge": false,
            },
            "src/index.ts": {
              "binary": false,
              "language": "TypeScript",
              "path": "src/index.ts",
              "sha": "78a8b37c9c4aac833bb2928855449a3345528df1",
              "size": 28,
              "stored": true,
              "tooLarge": false,
            },
            "src/util/math.ts": {
              "binary": false,
              "language": "TypeScript",
              "path": "src/util/math.ts",
              "sha": "bc81dd56decaa490837a80775292f47984219eaf",
              "size": 52,
              "stored": true,
              "tooLarge": false,
            },
          },
          "kind": "tag",
          "name": "v0.1.0",
          "tree": [
            {
              "lastCommit": "6e2eccfb2a5dd67dc185f09773e9c546c5ad38e4",
              "mode": "100644",
              "name": ".frznforge.json",
              "path": ".frznforge.json",
              "sha": "db35cf0ef7b6732b90a217c40772a3a6a06d036f",
              "size": 89,
              "type": "blob",
            },
            {
              "lastCommit": "6e2eccfb2a5dd67dc185f09773e9c546c5ad38e4",
              "mode": "100644",
              "name": "LICENSE",
              "path": "LICENSE",
              "sha": "ad060d9897e883d340b4311e5aad17a385b4bc86",
              "size": 90,
              "type": "blob",
            },
            {
              "lastCommit": "6e2eccfb2a5dd67dc185f09773e9c546c5ad38e4",
              "mode": "100644",
              "name": "README.md",
              "path": "README.md",
              "sha": "a6545ebfaa6e200b67e20fe9ea6b5316cd93c86b",
              "size": 16,
              "type": "blob",
            },
            {
              "lastCommit": "6e2eccfb2a5dd67dc185f09773e9c546c5ad38e4",
              "mode": "040000",
              "name": "assets",
              "path": "assets",
              "sha": "a38afe2925100c0e3a334eac5f5eb929c29a752c",
              "size": null,
              "type": "tree",
            },
            {
              "lastCommit": "6e2eccfb2a5dd67dc185f09773e9c546c5ad38e4",
              "mode": "100644",
              "name": "pixel.bin",
              "path": "assets/pixel.bin",
              "sha": "eaf36c1daccfdf325514461cd1a2ffbc139b5464",
              "size": 4,
              "type": "blob",
            },
            {
              "lastCommit": "7868a765f34e61c519fa3bc3e413085a93786576",
              "mode": "040000",
              "name": "src",
              "path": "src",
              "sha": "9592fe421ebe640cb8087cc145a9ac6aeafa704f",
              "size": null,
              "type": "tree",
            },
            {
              "lastCommit": "7868a765f34e61c519fa3bc3e413085a93786576",
              "mode": "100644",
              "name": "index.ts",
              "path": "src/index.ts",
              "sha": "78a8b37c9c4aac833bb2928855449a3345528df1",
              "size": 28,
              "type": "blob",
            },
            {
              "lastCommit": "6e2eccfb2a5dd67dc185f09773e9c546c5ad38e4",
              "mode": "040000",
              "name": "util",
              "path": "src/util",
              "sha": "5a35957392aae27795d99e135560561fa9407afc",
              "size": null,
              "type": "tree",
            },
            {
              "lastCommit": "6e2eccfb2a5dd67dc185f09773e9c546c5ad38e4",
              "mode": "100644",
              "name": "math.ts",
              "path": "src/util/math.ts",
              "sha": "bc81dd56decaa490837a80775292f47984219eaf",
              "size": 52,
              "type": "blob",
            },
          ],
        },
      },
      "releaseMode": "tags",
      "releases": [],
      "slug": "alpha",
      "source": {
        "path": "<redacted>",
        "type": "local",
      },
      "tags": [
        "demo",
        "override",
      ],
      "template": false,
      "tree": [
        {
          "lastCommit": "6e2eccfb2a5dd67dc185f09773e9c546c5ad38e4",
          "mode": "100644",
          "name": ".frznforge.json",
          "path": ".frznforge.json",
          "sha": "db35cf0ef7b6732b90a217c40772a3a6a06d036f",
          "size": 89,
          "type": "blob",
        },
        {
          "lastCommit": "6e2eccfb2a5dd67dc185f09773e9c546c5ad38e4",
          "mode": "100644",
          "name": "LICENSE",
          "path": "LICENSE",
          "sha": "ad060d9897e883d340b4311e5aad17a385b4bc86",
          "size": 90,
          "type": "blob",
        },
        {
          "lastCommit": "6e2eccfb2a5dd67dc185f09773e9c546c5ad38e4",
          "mode": "100644",
          "name": "README.md",
          "path": "README.md",
          "sha": "a6545ebfaa6e200b67e20fe9ea6b5316cd93c86b",
          "size": 16,
          "type": "blob",
        },
        {
          "lastCommit": "6e2eccfb2a5dd67dc185f09773e9c546c5ad38e4",
          "mode": "040000",
          "name": "assets",
          "path": "assets",
          "sha": "a38afe2925100c0e3a334eac5f5eb929c29a752c",
          "size": null,
          "type": "tree",
        },
        {
          "lastCommit": "6e2eccfb2a5dd67dc185f09773e9c546c5ad38e4",
          "mode": "100644",
          "name": "pixel.bin",
          "path": "assets/pixel.bin",
          "sha": "eaf36c1daccfdf325514461cd1a2ffbc139b5464",
          "size": 4,
          "type": "blob",
        },
        {
          "lastCommit": "7868a765f34e61c519fa3bc3e413085a93786576",
          "mode": "040000",
          "name": "src",
          "path": "src",
          "sha": "9592fe421ebe640cb8087cc145a9ac6aeafa704f",
          "size": null,
          "type": "tree",
        },
        {
          "lastCommit": "7868a765f34e61c519fa3bc3e413085a93786576",
          "mode": "100644",
          "name": "index.ts",
          "path": "src/index.ts",
          "sha": "78a8b37c9c4aac833bb2928855449a3345528df1",
          "size": 28,
          "type": "blob",
        },
        {
          "lastCommit": "6e2eccfb2a5dd67dc185f09773e9c546c5ad38e4",
          "mode": "040000",
          "name": "util",
          "path": "src/util",
          "sha": "5a35957392aae27795d99e135560561fa9407afc",
          "size": null,
          "type": "tree",
        },
        {
          "lastCommit": "6e2eccfb2a5dd67dc185f09773e9c546c5ad38e4",
          "mode": "100644",
          "name": "math.ts",
          "path": "src/util/math.ts",
          "sha": "bc81dd56decaa490837a80775292f47984219eaf",
          "size": 52,
          "type": "blob",
        },
      ],
      "updatedAt": "2024-01-01T00:02:00Z",
      "warnings": [],
    },
    {
      "archives": [
        {
          "bytes": 456,
          "commit": "d1b6eae27ee8cbd871a89df60da0854357b5f8f6",
          "file": "archives/beta/main.zip",
          "kind": "branch",
          "ref": "main",
        },
        {
          "bytes": 462,
          "commit": "d1b6eae27ee8cbd871a89df60da0854357b5f8f6",
          "file": "archives/beta/light.zip",
          "kind": "tag",
          "ref": "light",
        },
      ],
      "branches": [
        {
          "commits": [
            "d1b6eae27ee8cbd871a89df60da0854357b5f8f6",
          ],
          "head": "d1b6eae27ee8cbd871a89df60da0854357b5f8f6",
          "lastCommitDate": "2024-01-01T00:00:00Z",
          "name": "main",
        },
      ],
      "commitCount": 1,
      "commits": {
        "d1b6eae27ee8cbd871a89df60da0854357b5f8f6": {
          "author": {
            "email": "test@example.com",
            "name": "Test User",
          },
          "authorDate": "2024-01-01T00:00:00Z",
          "body": "",
          "commitDate": "2024-01-01T00:00:00Z",
          "committer": {
            "email": "test@example.com",
            "name": "Test User",
          },
          "files": [
            {
              "additions": 1,
              "deletions": 0,
              "path": "README",
            },
            {
              "additions": 1,
              "deletions": 0,
              "path": "main.py",
            },
          ],
          "parents": [],
          "sha": "d1b6eae27ee8cbd871a89df60da0854357b5f8f6",
          "stats": {
            "additions": 2,
            "deletions": 0,
            "filesChanged": 2,
          },
          "subject": "beta init",
        },
      },
      "contributors": [
        {
          "commits": 1,
          "email": "test@example.com",
          "firstCommit": "2024-01-01T00:00:00Z",
          "lastCommit": "2024-01-01T00:00:00Z",
          "name": "Test User",
        },
      ],
      "createdAt": "2024-01-01T00:00:00Z",
      "defaultBranch": "main",
      "description": null,
      "empty": false,
      "files": {
        "README": {
          "binary": false,
          "language": "Text",
          "path": "README",
          "sha": "a78ca5837cf43045dc1c535f41a920042c71f33f",
          "size": 12,
          "stored": true,
          "tooLarge": false,
        },
        "main.py": {
          "binary": false,
          "language": "Python",
          "path": "main.py",
          "sha": "82f7a746b2855d5b8c5ab40511e37eb7215fd943",
          "size": 14,
          "stored": true,
          "tooLarge": false,
        },
      },
      "gitTags": [
        {
          "annotated": false,
          "date": "2024-01-01T00:00:00Z",
          "message": null,
          "name": "light",
          "tagger": null,
          "target": "d1b6eae27ee8cbd871a89df60da0854357b5f8f6",
        },
      ],
      "insights": {
        "approximate": false,
        "codeSize": [
          {
            "bytes": 26,
            "lines": 2,
            "month": "2024-01",
          },
        ],
        "commits": [
          {
            "commits": 1,
            "contributors": 1,
            "month": "2024-01",
          },
        ],
        "sampleCount": 1,
        "sampled": false,
      },
      "languages": [
        {
          "bytes": 14,
          "color": "#3572a5",
          "name": "Python",
          "percent": 100,
        },
      ],
      "license": null,
      "links": {},
      "name": "beta",
      "readme": {
        "content": "beta readme
",
        "path": "README",
        "sha": "a78ca5837cf43045dc1c535f41a920042c71f33f",
      },
      "refTrees": {
        "light": {
          "commit": "d1b6eae27ee8cbd871a89df60da0854357b5f8f6",
          "files": {
            "README": {
              "binary": false,
              "language": "Text",
              "path": "README",
              "sha": "a78ca5837cf43045dc1c535f41a920042c71f33f",
              "size": 12,
              "stored": true,
              "tooLarge": false,
            },
            "main.py": {
              "binary": false,
              "language": "Python",
              "path": "main.py",
              "sha": "82f7a746b2855d5b8c5ab40511e37eb7215fd943",
              "size": 14,
              "stored": true,
              "tooLarge": false,
            },
          },
          "kind": "tag",
          "name": "light",
          "tree": [
            {
              "lastCommit": "d1b6eae27ee8cbd871a89df60da0854357b5f8f6",
              "mode": "100644",
              "name": "README",
              "path": "README",
              "sha": "a78ca5837cf43045dc1c535f41a920042c71f33f",
              "size": 12,
              "type": "blob",
            },
            {
              "lastCommit": "d1b6eae27ee8cbd871a89df60da0854357b5f8f6",
              "mode": "100644",
              "name": "main.py",
              "path": "main.py",
              "sha": "82f7a746b2855d5b8c5ab40511e37eb7215fd943",
              "size": 14,
              "type": "blob",
            },
          ],
        },
      },
      "releaseMode": "tags",
      "releases": [],
      "slug": "beta",
      "source": {
        "path": "<redacted>",
        "type": "local",
      },
      "tags": [],
      "template": false,
      "tree": [
        {
          "lastCommit": "d1b6eae27ee8cbd871a89df60da0854357b5f8f6",
          "mode": "100644",
          "name": "README",
          "path": "README",
          "sha": "a78ca5837cf43045dc1c535f41a920042c71f33f",
          "size": 12,
          "type": "blob",
        },
        {
          "lastCommit": "d1b6eae27ee8cbd871a89df60da0854357b5f8f6",
          "mode": "100644",
          "name": "main.py",
          "path": "main.py",
          "sha": "82f7a746b2855d5b8c5ab40511e37eb7215fd943",
          "size": 14,
          "type": "blob",
        },
      ],
      "updatedAt": "2024-01-01T00:00:00Z",
      "warnings": [],
    },
    {
      "archives": [
        {
          "bytes": 1649,
          "commit": "7868a765f34e61c519fa3bc3e413085a93786576",
          "file": "archives/beta-2/main.zip",
          "kind": "branch",
          "ref": "main",
        },
        {
          "bytes": 1689,
          "commit": "7868a765f34e61c519fa3bc3e413085a93786576",
          "file": "archives/beta-2/v0.1.0.zip",
          "kind": "tag",
          "ref": "v0.1.0",
        },
      ],
      "branches": [
        {
          "commits": [
            "ee9c09a88cb1b5ca9b4aad4068434bf1ebd9a89a",
            "7868a765f34e61c519fa3bc3e413085a93786576",
            "6e2eccfb2a5dd67dc185f09773e9c546c5ad38e4",
          ],
          "head": "ee9c09a88cb1b5ca9b4aad4068434bf1ebd9a89a",
          "lastCommitDate": "2024-01-01T00:02:00Z",
          "name": "dev",
        },
        {
          "commits": [
            "7868a765f34e61c519fa3bc3e413085a93786576",
            "6e2eccfb2a5dd67dc185f09773e9c546c5ad38e4",
          ],
          "head": "7868a765f34e61c519fa3bc3e413085a93786576",
          "lastCommitDate": "2024-01-01T00:01:00Z",
          "name": "main",
        },
      ],
      "commitCount": 3,
      "commits": {
        "6e2eccfb2a5dd67dc185f09773e9c546c5ad38e4": {
          "author": {
            "email": "test@example.com",
            "name": "Test User",
          },
          "authorDate": "2024-01-01T00:00:00Z",
          "body": "",
          "commitDate": "2024-01-01T00:00:00Z",
          "committer": {
            "email": "test@example.com",
            "name": "Test User",
          },
          "files": [
            {
              "additions": 1,
              "deletions": 0,
              "path": ".frznforge.json",
            },
            {
              "additions": 3,
              "deletions": 0,
              "path": "LICENSE",
            },
            {
              "additions": 3,
              "deletions": 0,
              "path": "README.md",
            },
            {
              "additions": null,
              "deletions": null,
              "path": "assets/pixel.bin",
            },
            {
              "additions": 1,
              "deletions": 0,
              "path": "src/index.ts",
            },
            {
              "additions": 1,
              "deletions": 0,
              "path": "src/util/math.ts",
            },
          ],
          "parents": [],
          "sha": "6e2eccfb2a5dd67dc185f09773e9c546c5ad38e4",
          "stats": {
            "additions": 9,
            "deletions": 0,
            "filesChanged": 6,
          },
          "subject": "initial commit",
        },
        "7868a765f34e61c519fa3bc3e413085a93786576": {
          "author": {
            "email": "other@example.com",
            "name": "Other Dev",
          },
          "authorDate": "2024-01-01T00:01:00Z",
          "body": "Longer explanation.",
          "commitDate": "2024-01-01T00:01:00Z",
          "committer": {
            "email": "test@example.com",
            "name": "Test User",
          },
          "files": [
            {
              "additions": 1,
              "deletions": 1,
              "path": "src/index.ts",
            },
          ],
          "parents": [
            "6e2eccfb2a5dd67dc185f09773e9c546c5ad38e4",
          ],
          "sha": "7868a765f34e61c519fa3bc3e413085a93786576",
          "stats": {
            "additions": 1,
            "deletions": 1,
            "filesChanged": 1,
          },
          "subject": "flip alpha",
        },
        "ee9c09a88cb1b5ca9b4aad4068434bf1ebd9a89a": {
          "author": {
            "email": "test@example.com",
            "name": "Test User",
          },
          "authorDate": "2024-01-01T00:02:00Z",
          "body": "",
          "commitDate": "2024-01-01T00:02:00Z",
          "committer": {
            "email": "test@example.com",
            "name": "Test User",
          },
          "files": [
            {
              "additions": 1,
              "deletions": 0,
              "path": "src/dev.ts",
            },
          ],
          "parents": [
            "7868a765f34e61c519fa3bc3e413085a93786576",
          ],
          "sha": "ee9c09a88cb1b5ca9b4aad4068434bf1ebd9a89a",
          "stats": {
            "additions": 1,
            "deletions": 0,
            "filesChanged": 1,
          },
          "subject": "dev work",
        },
      },
      "contributors": [
        {
          "commits": 2,
          "email": "test@example.com",
          "firstCommit": "2024-01-01T00:00:00Z",
          "lastCommit": "2024-01-01T00:02:00Z",
          "name": "Test User",
        },
        {
          "commits": 1,
          "email": "other@example.com",
          "firstCommit": "2024-01-01T00:01:00Z",
          "lastCommit": "2024-01-01T00:01:00Z",
          "name": "Other Dev",
        },
      ],
      "createdAt": "2024-01-01T00:00:00Z",
      "defaultBranch": "main",
      "description": "Alpha repo",
      "empty": false,
      "files": {
        ".frznforge.json": {
          "binary": false,
          "language": "JSON",
          "path": ".frznforge.json",
          "sha": "db35cf0ef7b6732b90a217c40772a3a6a06d036f",
          "size": 89,
          "stored": true,
          "tooLarge": false,
        },
        "LICENSE": {
          "binary": false,
          "language": "Text",
          "path": "LICENSE",
          "sha": "ad060d9897e883d340b4311e5aad17a385b4bc86",
          "size": 90,
          "stored": true,
          "tooLarge": false,
        },
        "README.md": {
          "binary": false,
          "language": "Markdown",
          "path": "README.md",
          "sha": "a6545ebfaa6e200b67e20fe9ea6b5316cd93c86b",
          "size": 16,
          "stored": true,
          "tooLarge": false,
        },
        "assets/pixel.bin": {
          "binary": true,
          "language": null,
          "path": "assets/pixel.bin",
          "sha": "eaf36c1daccfdf325514461cd1a2ffbc139b5464",
          "size": 4,
          "stored": true,
          "tooLarge": false,
        },
        "src/index.ts": {
          "binary": false,
          "language": "TypeScript",
          "path": "src/index.ts",
          "sha": "78a8b37c9c4aac833bb2928855449a3345528df1",
          "size": 28,
          "stored": true,
          "tooLarge": false,
        },
        "src/util/math.ts": {
          "binary": false,
          "language": "TypeScript",
          "path": "src/util/math.ts",
          "sha": "bc81dd56decaa490837a80775292f47984219eaf",
          "size": 52,
          "stored": true,
          "tooLarge": false,
        },
      },
      "gitTags": [
        {
          "annotated": true,
          "date": "2024-01-01T00:01:30Z",
          "message": "First release",
          "name": "v0.1.0",
          "tagger": {
            "email": "test@example.com",
            "name": "Test User",
          },
          "target": "7868a765f34e61c519fa3bc3e413085a93786576",
        },
      ],
      "insights": {
        "approximate": false,
        "codeSize": [
          {
            "bytes": 275,
            "lines": 9,
            "month": "2024-01",
          },
        ],
        "commits": [
          {
            "commits": 2,
            "contributors": 2,
            "month": "2024-01",
          },
        ],
        "sampleCount": 1,
        "sampled": false,
      },
      "languages": [
        {
          "bytes": 80,
          "color": "#3178c6",
          "name": "TypeScript",
          "percent": 100,
        },
      ],
      "license": {
        "file": "LICENSE",
        "source": "file",
        "spdx": "MIT",
      },
      "links": {
        "homepage": "https://alpha.example",
      },
      "name": "alpha",
      "readme": {
        "content": "# Alpha

Hello.
",
        "path": "README.md",
        "sha": "a6545ebfaa6e200b67e20fe9ea6b5316cd93c86b",
      },
      "refTrees": {
        "dev": {
          "commit": "ee9c09a88cb1b5ca9b4aad4068434bf1ebd9a89a",
          "files": {
            ".frznforge.json": {
              "binary": false,
              "language": "JSON",
              "path": ".frznforge.json",
              "sha": "db35cf0ef7b6732b90a217c40772a3a6a06d036f",
              "size": 89,
              "stored": true,
              "tooLarge": false,
            },
            "LICENSE": {
              "binary": false,
              "language": "Text",
              "path": "LICENSE",
              "sha": "ad060d9897e883d340b4311e5aad17a385b4bc86",
              "size": 90,
              "stored": true,
              "tooLarge": false,
            },
            "README.md": {
              "binary": false,
              "language": "Markdown",
              "path": "README.md",
              "sha": "a6545ebfaa6e200b67e20fe9ea6b5316cd93c86b",
              "size": 16,
              "stored": true,
              "tooLarge": false,
            },
            "assets/pixel.bin": {
              "binary": true,
              "language": null,
              "path": "assets/pixel.bin",
              "sha": "eaf36c1daccfdf325514461cd1a2ffbc139b5464",
              "size": 4,
              "stored": true,
              "tooLarge": false,
            },
            "src/dev.ts": {
              "binary": false,
              "language": "TypeScript",
              "path": "src/dev.ts",
              "sha": "cb0ff5c3b541f646105198ee23ac0fc3d805023e",
              "size": 11,
              "stored": true,
              "tooLarge": false,
            },
            "src/index.ts": {
              "binary": false,
              "language": "TypeScript",
              "path": "src/index.ts",
              "sha": "78a8b37c9c4aac833bb2928855449a3345528df1",
              "size": 28,
              "stored": true,
              "tooLarge": false,
            },
            "src/util/math.ts": {
              "binary": false,
              "language": "TypeScript",
              "path": "src/util/math.ts",
              "sha": "bc81dd56decaa490837a80775292f47984219eaf",
              "size": 52,
              "stored": true,
              "tooLarge": false,
            },
          },
          "kind": "branch",
          "name": "dev",
          "tree": [
            {
              "lastCommit": "6e2eccfb2a5dd67dc185f09773e9c546c5ad38e4",
              "mode": "100644",
              "name": ".frznforge.json",
              "path": ".frznforge.json",
              "sha": "db35cf0ef7b6732b90a217c40772a3a6a06d036f",
              "size": 89,
              "type": "blob",
            },
            {
              "lastCommit": "6e2eccfb2a5dd67dc185f09773e9c546c5ad38e4",
              "mode": "100644",
              "name": "LICENSE",
              "path": "LICENSE",
              "sha": "ad060d9897e883d340b4311e5aad17a385b4bc86",
              "size": 90,
              "type": "blob",
            },
            {
              "lastCommit": "6e2eccfb2a5dd67dc185f09773e9c546c5ad38e4",
              "mode": "100644",
              "name": "README.md",
              "path": "README.md",
              "sha": "a6545ebfaa6e200b67e20fe9ea6b5316cd93c86b",
              "size": 16,
              "type": "blob",
            },
            {
              "lastCommit": "6e2eccfb2a5dd67dc185f09773e9c546c5ad38e4",
              "mode": "040000",
              "name": "assets",
              "path": "assets",
              "sha": "a38afe2925100c0e3a334eac5f5eb929c29a752c",
              "size": null,
              "type": "tree",
            },
            {
              "lastCommit": "6e2eccfb2a5dd67dc185f09773e9c546c5ad38e4",
              "mode": "100644",
              "name": "pixel.bin",
              "path": "assets/pixel.bin",
              "sha": "eaf36c1daccfdf325514461cd1a2ffbc139b5464",
              "size": 4,
              "type": "blob",
            },
            {
              "lastCommit": "ee9c09a88cb1b5ca9b4aad4068434bf1ebd9a89a",
              "mode": "040000",
              "name": "src",
              "path": "src",
              "sha": "d3c97941e1bde6ae6485f4762b23d8a3dd759ad4",
              "size": null,
              "type": "tree",
            },
            {
              "lastCommit": "ee9c09a88cb1b5ca9b4aad4068434bf1ebd9a89a",
              "mode": "100644",
              "name": "dev.ts",
              "path": "src/dev.ts",
              "sha": "cb0ff5c3b541f646105198ee23ac0fc3d805023e",
              "size": 11,
              "type": "blob",
            },
            {
              "lastCommit": "7868a765f34e61c519fa3bc3e413085a93786576",
              "mode": "100644",
              "name": "index.ts",
              "path": "src/index.ts",
              "sha": "78a8b37c9c4aac833bb2928855449a3345528df1",
              "size": 28,
              "type": "blob",
            },
            {
              "lastCommit": "6e2eccfb2a5dd67dc185f09773e9c546c5ad38e4",
              "mode": "040000",
              "name": "util",
              "path": "src/util",
              "sha": "5a35957392aae27795d99e135560561fa9407afc",
              "size": null,
              "type": "tree",
            },
            {
              "lastCommit": "6e2eccfb2a5dd67dc185f09773e9c546c5ad38e4",
              "mode": "100644",
              "name": "math.ts",
              "path": "src/util/math.ts",
              "sha": "bc81dd56decaa490837a80775292f47984219eaf",
              "size": 52,
              "type": "blob",
            },
          ],
        },
        "v0.1.0": {
          "commit": "7868a765f34e61c519fa3bc3e413085a93786576",
          "files": {
            ".frznforge.json": {
              "binary": false,
              "language": "JSON",
              "path": ".frznforge.json",
              "sha": "db35cf0ef7b6732b90a217c40772a3a6a06d036f",
              "size": 89,
              "stored": true,
              "tooLarge": false,
            },
            "LICENSE": {
              "binary": false,
              "language": "Text",
              "path": "LICENSE",
              "sha": "ad060d9897e883d340b4311e5aad17a385b4bc86",
              "size": 90,
              "stored": true,
              "tooLarge": false,
            },
            "README.md": {
              "binary": false,
              "language": "Markdown",
              "path": "README.md",
              "sha": "a6545ebfaa6e200b67e20fe9ea6b5316cd93c86b",
              "size": 16,
              "stored": true,
              "tooLarge": false,
            },
            "assets/pixel.bin": {
              "binary": true,
              "language": null,
              "path": "assets/pixel.bin",
              "sha": "eaf36c1daccfdf325514461cd1a2ffbc139b5464",
              "size": 4,
              "stored": true,
              "tooLarge": false,
            },
            "src/index.ts": {
              "binary": false,
              "language": "TypeScript",
              "path": "src/index.ts",
              "sha": "78a8b37c9c4aac833bb2928855449a3345528df1",
              "size": 28,
              "stored": true,
              "tooLarge": false,
            },
            "src/util/math.ts": {
              "binary": false,
              "language": "TypeScript",
              "path": "src/util/math.ts",
              "sha": "bc81dd56decaa490837a80775292f47984219eaf",
              "size": 52,
              "stored": true,
              "tooLarge": false,
            },
          },
          "kind": "tag",
          "name": "v0.1.0",
          "tree": [
            {
              "lastCommit": "6e2eccfb2a5dd67dc185f09773e9c546c5ad38e4",
              "mode": "100644",
              "name": ".frznforge.json",
              "path": ".frznforge.json",
              "sha": "db35cf0ef7b6732b90a217c40772a3a6a06d036f",
              "size": 89,
              "type": "blob",
            },
            {
              "lastCommit": "6e2eccfb2a5dd67dc185f09773e9c546c5ad38e4",
              "mode": "100644",
              "name": "LICENSE",
              "path": "LICENSE",
              "sha": "ad060d9897e883d340b4311e5aad17a385b4bc86",
              "size": 90,
              "type": "blob",
            },
            {
              "lastCommit": "6e2eccfb2a5dd67dc185f09773e9c546c5ad38e4",
              "mode": "100644",
              "name": "README.md",
              "path": "README.md",
              "sha": "a6545ebfaa6e200b67e20fe9ea6b5316cd93c86b",
              "size": 16,
              "type": "blob",
            },
            {
              "lastCommit": "6e2eccfb2a5dd67dc185f09773e9c546c5ad38e4",
              "mode": "040000",
              "name": "assets",
              "path": "assets",
              "sha": "a38afe2925100c0e3a334eac5f5eb929c29a752c",
              "size": null,
              "type": "tree",
            },
            {
              "lastCommit": "6e2eccfb2a5dd67dc185f09773e9c546c5ad38e4",
              "mode": "100644",
              "name": "pixel.bin",
              "path": "assets/pixel.bin",
              "sha": "eaf36c1daccfdf325514461cd1a2ffbc139b5464",
              "size": 4,
              "type": "blob",
            },
            {
              "lastCommit": "7868a765f34e61c519fa3bc3e413085a93786576",
              "mode": "040000",
              "name": "src",
              "path": "src",
              "sha": "9592fe421ebe640cb8087cc145a9ac6aeafa704f",
              "size": null,
              "type": "tree",
            },
            {
              "lastCommit": "7868a765f34e61c519fa3bc3e413085a93786576",
              "mode": "100644",
              "name": "index.ts",
              "path": "src/index.ts",
              "sha": "78a8b37c9c4aac833bb2928855449a3345528df1",
              "size": 28,
              "type": "blob",
            },
            {
              "lastCommit": "6e2eccfb2a5dd67dc185f09773e9c546c5ad38e4",
              "mode": "040000",
              "name": "util",
              "path": "src/util",
              "sha": "5a35957392aae27795d99e135560561fa9407afc",
              "size": null,
              "type": "tree",
            },
            {
              "lastCommit": "6e2eccfb2a5dd67dc185f09773e9c546c5ad38e4",
              "mode": "100644",
              "name": "math.ts",
              "path": "src/util/math.ts",
              "sha": "bc81dd56decaa490837a80775292f47984219eaf",
              "size": 52,
              "type": "blob",
            },
          ],
        },
      },
      "releaseMode": "tags",
      "releases": [],
      "slug": "beta-2",
      "source": {
        "path": "<redacted>",
        "type": "local",
      },
      "tags": [
        "demo",
      ],
      "template": false,
      "tree": [
        {
          "lastCommit": "6e2eccfb2a5dd67dc185f09773e9c546c5ad38e4",
          "mode": "100644",
          "name": ".frznforge.json",
          "path": ".frznforge.json",
          "sha": "db35cf0ef7b6732b90a217c40772a3a6a06d036f",
          "size": 89,
          "type": "blob",
        },
        {
          "lastCommit": "6e2eccfb2a5dd67dc185f09773e9c546c5ad38e4",
          "mode": "100644",
          "name": "LICENSE",
          "path": "LICENSE",
          "sha": "ad060d9897e883d340b4311e5aad17a385b4bc86",
          "size": 90,
          "type": "blob",
        },
        {
          "lastCommit": "6e2eccfb2a5dd67dc185f09773e9c546c5ad38e4",
          "mode": "100644",
          "name": "README.md",
          "path": "README.md",
          "sha": "a6545ebfaa6e200b67e20fe9ea6b5316cd93c86b",
          "size": 16,
          "type": "blob",
        },
        {
          "lastCommit": "6e2eccfb2a5dd67dc185f09773e9c546c5ad38e4",
          "mode": "040000",
          "name": "assets",
          "path": "assets",
          "sha": "a38afe2925100c0e3a334eac5f5eb929c29a752c",
          "size": null,
          "type": "tree",
        },
        {
          "lastCommit": "6e2eccfb2a5dd67dc185f09773e9c546c5ad38e4",
          "mode": "100644",
          "name": "pixel.bin",
          "path": "assets/pixel.bin",
          "sha": "eaf36c1daccfdf325514461cd1a2ffbc139b5464",
          "size": 4,
          "type": "blob",
        },
        {
          "lastCommit": "7868a765f34e61c519fa3bc3e413085a93786576",
          "mode": "040000",
          "name": "src",
          "path": "src",
          "sha": "9592fe421ebe640cb8087cc145a9ac6aeafa704f",
          "size": null,
          "type": "tree",
        },
        {
          "lastCommit": "7868a765f34e61c519fa3bc3e413085a93786576",
          "mode": "100644",
          "name": "index.ts",
          "path": "src/index.ts",
          "sha": "78a8b37c9c4aac833bb2928855449a3345528df1",
          "size": 28,
          "type": "blob",
        },
        {
          "lastCommit": "6e2eccfb2a5dd67dc185f09773e9c546c5ad38e4",
          "mode": "040000",
          "name": "util",
          "path": "src/util",
          "sha": "5a35957392aae27795d99e135560561fa9407afc",
          "size": null,
          "type": "tree",
        },
        {
          "lastCommit": "6e2eccfb2a5dd67dc185f09773e9c546c5ad38e4",
          "mode": "100644",
          "name": "math.ts",
          "path": "src/util/math.ts",
          "sha": "bc81dd56decaa490837a80775292f47984219eaf",
          "size": 52,
          "type": "blob",
        },
      ],
      "updatedAt": "2024-01-01T00:02:00Z",
      "warnings": [],
    },
  ],
  "schemaVersion": 5,
  "warnings": [
    {
      "code": "repo-not-found",
      "message": "<tmp>/definitely-not-a-repo-frznforge is not a git repository (configured slug 'definitely-not-a-repo-frznforge'); skipped",
      "repo": null,
    },
    {
      "code": "slug-collision",
      "message": "slug 'beta' is used by more than one repo (<tmp>/alpha); renamed to 'beta-2'",
      "repo": "beta-2",
    },
  ],
}
`;
